// Jest Snapshot v1, https://goo.gl/fbAQLP

exports[`GameWrapper component should render correctly 1`] = `
<div>
  <div
    class="sc-bdVaJa jlBtQz"
  />
</div>
`;
