// Jest Snapshot v1, https://goo.gl/fbAQLP

exports[`GameInfo component should render correctly 1`] = `
<div>
  <div
    class="sc-bdVaJa dCEpXi"
  />
</div>
`;
