// Jest Snapshot v1, https://goo.gl/fbAQLP

exports[`InfoLabel component should render correctly 1`] = `
<div>
  <div
    class="sc-bdVaJa jwdQHW"
  >
    SPEED
  </div>
</div>
`;
