// Jest Snapshot v1, https://goo.gl/fbAQLP

exports[`InfoGroup component should render correctly 1`] = `
<div>
  <div
    class="sc-bdVaJa MTTgg"
  />
</div>
`;
